$ next build
error: could not find bin metadata file

Bun failed to remap this bin to its proper location within node_modules.
This is an indication of a corrupted node_modules directory.

Please run 'bun install --force' in the project root and try
it again. If this message persists, please open an issue:
https://github.com/oven-sh/bun/issues

error: script "build" exited with code 255
